 
****************************************
check_design summary:
Version:     X-2025.06-SP2
Date:        Fri Jul 10 14:29:49 2026
****************************************

                   Name                                            Total
--------------------------------------------------------------------------------
Inputs/Outputs                                                      1
    Shorted outputs (LINT-31)                                       1

Cells                                                               3
    Cells do not drive (LINT-1)                                     2
    Connected to power or ground (LINT-32)                          1
--------------------------------------------------------------------------------

Warning: In design 'credit_reg', cell 'C69' does not drive any nets. (LINT-1)
Warning: In design 'memory', cell 'C244' does not drive any nets. (LINT-1)
Warning: In design 'control_unit', output port 'mem_write' is connected directly to output port 'dispense'. (LINT-31)
Warning: In design 'vending_top', a pin on submodule 'u_credit_reg' is connected to logic 1 or logic 0. (LINT-32)
   Pin 'coin_value[7]' is connected to logic 0. 
1
