 
****************************************
Report : power
        -analysis_effort low
Design : vending_top
Version: X-2025.06-SP2
Date   : Wed Jul  8 22:33:38 2026
****************************************


Library(s) Used:

    saed32rvt_tt1p05v25c (File: /Tools/PDK/SAED32/EDK_Digital/lib/stdcell_rvt/db_nldm/saed32rvt_tt1p05v25c.db)


Operating Conditions: tt1p05v25c   Library: saed32rvt_tt1p05v25c
Wire Load Model Mode: enclosed

Design        Wire Load Model            Library
------------------------------------------------
vending_top            8000              saed32rvt_tt1p05v25c
control_unit           ForQA             saed32rvt_tt1p05v25c
credit_reg             ForQA             saed32rvt_tt1p05v25c
memory                 8000              saed32rvt_tt1p05v25c
comparator             ForQA             saed32rvt_tt1p05v25c
subtractor             ForQA             saed32rvt_tt1p05v25c


Global Operating Voltage = 1.05 
Power-specific unit information :
    Voltage Units = 1V
    Capacitance Units = 1.000000ff
    Time Units = 1ns
    Dynamic Power Units = 1uW    (derived from V,C,T units)
    Leakage Power Units = 1pW


Attributes
----------
i - Including register clock pin internal power


  Cell Internal Power  =  15.8173 uW   (93%)
  Net Switching Power  =   1.1986 uW    (7%)
                         ---------
Total Dynamic Power    =  17.0159 uW  (100%)

Cell Leakage Power     =  64.3042 uW


                 Internal         Switching           Leakage            Total
Power Group      Power            Power               Power              Power   (   %    )  Attrs
--------------------------------------------------------------------------------------------------
io_pad             0.0000            0.0000            0.0000            0.0000  (   0.00%)
memory             0.0000            0.0000            0.0000            0.0000  (   0.00%)
black_box          0.0000            0.0000            0.0000            0.0000  (   0.00%)
clock_network     13.6623            0.0000            0.0000           13.6623  (  16.80%)  i
register           0.3992            0.2012        3.6729e+07           37.3294  (  45.90%)
sequential         0.0000            0.0000            0.0000            0.0000  (   0.00%)
combinational      1.7558            0.9974        2.7575e+07           30.3285  (  37.30%)
--------------------------------------------------------------------------------------------------
Total             15.8173 uW         1.1986 uW     6.4304e+07 pW        81.3201 uW
1
